
> yazi-quest@0.0.0 test
> vitest run src/warnings.test.tsx


[1m[46m RUN [49m[22m [36mv4.0.16 [39m[90m/home/mhenke/Projects/yazi-quest[39m

[90mstdout[2m | src/warnings.test.tsx[2m > [22m[2mProtocol Violation Warnings[2m > [22m[2mIntermediate task violation (Sort) shows warning but disables Shift+Enter
[22m[39mDEBUG: Space pressed. currentItem: [90mundefined[39m

[90mstdout[2m | src/warnings.test.tsx[2m > [22m[2mProtocol Violation Warnings[2m > [22m[2mFinal task violation (Sort) allows Shift+Enter to auto-fix
[22m[39mDEBUG: Space pressed. currentItem: [90mundefined[39m
DEBUG: Space pressed. currentItem: [90mundefined[39m

[90mstdout[2m | src/warnings.test.tsx[2m > [22m[2mProtocol Violation Warnings[2m > [22m[2mFinal task violation (Sort) allows Shift+Enter to auto-fix
[22m[39mDEBUG: Space pressed. currentItem: [90mundefined[39m

[90mstdout[2m | src/warnings.test.tsx[2m > [22m[2mProtocol Violation Warnings[2m > [22m[2mIntermediate task violation (Hidden Files) shows warning but disables Shift+Enter
[22m[39mDEBUG: Space pressed. currentItem: [90mundefined[39m

 [31m❯[39m src/warnings.test.tsx [2m([22m[2m4 tests[22m[2m | [22m[31m4 failed[39m[2m)[22m[33m 3704[2mms[22m[39m
[31m     [31m×[31m Intermediate task violation (Sort) shows warning but disables Shift+Enter[39m[33m 1169[2mms[22m[39m
[31m     [31m×[31m Final task violation (Sort) allows Shift+Enter to auto-fix[39m[33m 1121[2mms[22m[39m
[31m     [31m×[31m Intermediate task violation (Filter) shows warning but disables Shift+Enter[39m[33m 364[2mms[22m[39m
[31m     [31m×[31m Intermediate task violation (Hidden Files) shows warning but disables Shift+Enter[39m[33m 1048[2mms[22m[39m

[31m⎯⎯⎯⎯⎯⎯⎯[39m[1m[41m Failed Tests 4 [49m[22m[31m⎯⎯⎯⎯⎯⎯⎯[39m

[41m[1m FAIL [22m[49m src/warnings.test.tsx[2m > [22mProtocol Violation Warnings[2m > [22mIntermediate task violation (Sort) shows warning but disables Shift+Enter
[31m[1mTestingLibraryElementError[22m[39m: Unable to find an element with the text: Protocol Violation. This could be because the text is broken up by multiple elements. In this case, you can provide a function for your text matcher to make your matcher more flexible.

Ignored nodes: comments, script, style
[36m<body>[39m
  [36m<div>[39m
    [36m<div[39m
      [33mclass[39m=[32m"flex h-screen w-screen bg-zinc-950 text-zinc-300 overflow-hidden relative"[39m
    [36m>[39m
      [36m<div[39m
        [33mclass[39m=[32m"flex flex-col flex-1 h-full min-w-0"[39m
      [36m>[39m
        [36m<div[39m
          [33mclass[39m=[32m"w-full bg-black/50 border-b border-zinc-800 py-3 px-6 flex items-center justify-between backdrop-blur-sm z-[70] relative"[39m
        [36m>[39m
          [36m<div[39m
            [33mclass[39m=[32m"flex items-center gap-6 overflow-hidden mr-4 h-8 flex-1"[39m
          [36m>[39m
            [36m<button[39m
              [33mclass[39m=[32m"flex items-center gap-2 text-xs font-mono text-zinc-400 hover:text-white transition-colors group cursor-pointer focus:outline-none shrink-0"[39m
              [33mtitle[39m=[32m"Quest Map (Alt+M)"[39m
            [36m>[39m
              [36m<svg[39m
                [33maria-hidden[39m=[32m"true"[39m
                [33mclass[39m=[32m"lucide lucide-map text-zinc-400 group-hover:text-orange-500 transition-colors"[39m
                [33mfill[39m=[32m"none"[39m
                [33mheight[39m=[32m"16"[39m
                [33mstroke[39m=[32m"currentColor"[39m
                [33mstroke-linecap[39m=[32m"round"[39m
                [33mstroke-linejoin[39m=[32m"round"[39m
                [33mstroke-width[39m=[32m"2"[39m
                [33mviewBox[39m=[32m"0 0 24 24"[39m
                [33mwidth[39m=[32m"16"[39m
                [33mxmlns[39m=[32m"http://www.w3.org/2000/svg"[39m
              [36m>[39m
                [36m<path[39m
                  [33md[39m=[32m"M14.106 5.553a2 2 0 0 0 1.788 0l3.659-1.83A1 1 0 0 1 21 4.619v12.764a1 1 0 0 1-.553.894l-4.553 2.277a2 2 0 0 1-1.788 0l-4.212-2.106a2 2 0 0 0-1.788 0l-3.659 1.83A1 1 0 0 1 3 19.381V6.618a1 1 0 0 1 .553-.894l4.553-2.277a2 2 0 0 1 1.788 0z"[39m
                [36m/>[39m
                [36m<path[39m
                  [33md[39m=[32m"M15 5.764v15"[39m
                [36m/>[39m
                [36m<path[39m
                  [33md[39m=[32m"M9 3.236v15"[39m
                [36m/>[39m
              [36m</svg>[39m
              [36m<span[39m
                [33mclass[39m=[32m"uppercase tracking-widest font-bold border-b border-transparent group-hover:border-zinc-500"[39m
              [36m>[39m
                [0mMap[0m
              [36m</span>[39m
            [36m</button>[39m
            [36m<div[39m
              [33mclass[39m=[32m"h-4 w-px bg-zinc-800 shrink-0"[39m
            [36m/>[39m
            [36m<div[39m
              [33mclass[39m=[32m"flex flex-col justify-center h-full"[39m
            [36m>[39m
              [36m<div[39m
                [33mclass[39m=[32m"flex items-center gap-2 mb-1"[39m
              [36m>[39m
                [36m<span[39m
                  [33mclass[39m=[32m"text-[10px] uppercase font-bold tracking-widest leading-none text-blue-500"[39m
                [36m>[39m
                  [0mEp. I: Awakening[0m
                [36m</span>[39m
              [36m</div>[39m
              [36m<div[39m
                [33mclass[39m=[32m"flex items-center h-4 max-w-[200px] sm:max-w-none overflow-x-auto scrollbar-hide"[39m
              [36m>[39m
                [36m<div[39m
                  [33mclass[39m=[32m"flex items-center group shrink-0"[39m
                [36m>[39m
                  [36m<div[39m
                    [33mclass[39m=[32m"
                                flex items-center gap-1.5 px-1.5 py-0.5 rounded border text-[9px] font-mono transition-all duration-300
                                
                                bg-zinc-900 border-blue-500/30 text-blue-500 shadow-[0_0_15px_rgba(255,255,255,0.05)] scale-105 z-10
                                
                            "[39m
                  [36m>[39m
                    [36m<div[39m
                      [33mclass[39m=[32m"flex items-center justify-center"[39m
                    [36m>[39m
                      [36m<svg[39m
                        [33maria-hidden[39m=[32m"true"[39m
                        [33mclass[39m=[32m"lucide lucide-map-pin animate-pulse"[39m
                        [33mfill[39m=[32m"none"[39m
                        [33mheight[39m=[32m"8"[39m
                        [33mstroke[39m=[32m"currentColor"[39m
                        [33mstroke-linecap[39m=[32m"round"[39m
                        [33mstroke-linejoin[39m=[32m"round"[39m
                        [33mstroke-width[39m=[32m"2"[39m
                        [33mviewBox[39m=[32m"0 0 24 24"[39m
                        [33mwidth[39m=[32m"8"[39m
                        [33mxmlns[39m=[32m"http://www.w3.org/2000/svg"[39m
                      [36m>[39m
                        [36m<path[39m
                          [33md[39m=[32m"M20 10c0 4.993-5.539 10.193-7.399 11.799a1 1 0 0 1-1.202 0C9.539 20.193 4 14.993 4 10a8 8 0 0 1 16 0"[39m
                        [36m/>[39m
                        [36m<circle[39m
                          [33mcx[39m=[32m"12"[39m
                          [33mcy[39m=[32m"10"[39m
                          [33mr[39m=[32m"3"[39m
                        [36m/>[39m
                      [36m</svg>[39m
                    [36m</div>[39m
                    [36m<span[39m
                      [33mclass[39m=[32m"whitespace-nowrap font-bold"[39m
                    [36m>[39m
                      [0mTest Protocol Level[0m
                    [36m</span>[39m
                  [36m</div>[39m
                [36m</div>[39m
              [36m</div>[39m
            [36m</div>[39m
          [36m</div>[39m
          [36m<div[39m
            [33mclass[39m=[32m"flex items-center gap-6 shrink-0 h-8"[39m
          [36m>[39m
            [36m<div[39m
              [33mclass[39m=[32m"mr-4 text-right"[39m
            [36m>[39m
              [36m<span[39m
                [33mclass[39m=[32m"text-orange-400 font-mono font-bold uppercase tracking-wider text-sm"[39m
              [36m>[39m
                [0mUser: AI-7734[0m
              [36m</span>[39m
            [36m</div>[39m
            [36m<div[39m
              [33mclass[39m=[32m"flex items-center gap-6 px-6 border-l border-r border-zinc-800"[39m
            [36m>[39m
              [36m<div[39m
                [33mclass[39m=[32m"flex flex-col items-center justify-center gap-0.5 transition-all duration-700 text-zinc-600"[39m
              [36m>[39m
                [36m<svg[39m
                  [33maria-hidden[39m=[32m"true"[39m
                  [33mclass[39m=[32m"lucide lucide-zap"[39m
                  [33mfill[39m=[32m"none"[39m
                  [33mheight[39m=[32m"14"[39m
             ...

Ignored nodes: comments, script, style
[36m<html>[39m
  [36m<head />[39m
  [36m<body>[39m
    [36m<div>[39m
      [36m<div[39m
        [33mclass[39m=[32m"flex h-screen w-screen bg-zinc-950 text-zinc-300 overflow-hidden relative"[39m
      [36m>[39m
        [36m<div[39m
          [33mclass[39m=[32m"flex flex-col flex-1 h-full min-w-0"[39m
        [36m>[39m
          [36m<div[39m
            [33mclass[39m=[32m"w-full bg-black/50 border-b border-zinc-800 py-3 px-6 flex items-center justify-between backdrop-blur-sm z-[70] relative"[39m
          [36m>[39m
            [36m<div[39m
              [33mclass[39m=[32m"flex items-center gap-6 overflow-hidden mr-4 h-8 flex-1"[39m
            [36m>[39m
              [36m<button[39m
                [33mclass[39m=[32m"flex items-center gap-2 text-xs font-mono text-zinc-400 hover:text-white transition-colors group cursor-pointer focus:outline-none shrink-0"[39m
                [33mtitle[39m=[32m"Quest Map (Alt+M)"[39m
              [36m>[39m
                [36m<svg[39m
                  [33maria-hidden[39m=[32m"true"[39m
                  [33mclass[39m=[32m"lucide lucide-map text-zinc-400 group-hover:text-orange-500 transition-colors"[39m
                  [33mfill[39m=[32m"none"[39m
                  [33mheight[39m=[32m"16"[39m
                  [33mstroke[39m=[32m"currentColor"[39m
                  [33mstroke-linecap[39m=[32m"round"[39m
                  [33mstroke-linejoin[39m=[32m"round"[39m
                  [33mstroke-width[39m=[32m"2"[39m
                  [33mviewBox[39m=[32m"0 0 24 24"[39m
                  [33mwidth[39m=[32m"16"[39m
                  [33mxmlns[39m=[32m"http://www.w3.org/2000/svg"[39m
                [36m>[39m
                  [36m<path[39m
                    [33md[39m=[32m"M14.106 5.553a2 2 0 0 0 1.788 0l3.659-1.83A1 1 0 0 1 21 4.619v12.764a1 1 0 0 1-.553.894l-4.553 2.277a2 2 0 0 1-1.788 0l-4.212-2.106a2 2 0 0 0-1.788 0l-3.659 1.83A1 1 0 0 1 3 19.381V6.618a1 1 0 0 1 .553-.894l4.553-2.277a2 2 0 0 1 1.788 0z"[39m
                  [36m/>[39m
                  [36m<path[39m
                    [33md[39m=[32m"M15 5.764v15"[39m
                  [36m/>[39m
                  [36m<path[39m
                    [33md[39m=[32m"M9 3.236v15"[39m
                  [36m/>[39m
                [36m</svg>[39m
                [36m<span[39m
                  [33mclass[39m=[32m"uppercase tracking-widest font-bold border-b border-transparent group-hover:border-zinc-500"[39m
                [36m>[39m
                  [0mMap[0m
                [36m</span>[39m
              [36m</button>[39m
              [36m<div[39m
                [33mclass[39m=[32m"h-4 w-px bg-zinc-800 shrink-0"[39m
              [36m/>[39m
              [36m<div[39m
                [33mclass[39m=[32m"flex flex-col justify-center h-full"[39m
              [36m>[39m
                [36m<div[39m
                  [33mclass[39m=[32m"flex items-center gap-2 mb-1"[39m
                [36m>[39m
                  [36m<span[39m
                    [33mclass[39m=[32m"text-[10px] uppercase font-bold tracking-widest leading-none text-blue-500"[39m
                  [36m>[39m
                    [0mEp. I: Awakening[0m
                  [36m</span>[39m
                [36m</div>[39m
                [36m<div[39m
                  [33mclass[39m=[32m"flex items-center h-4 max-w-[200px] sm:max-w-none overflow-x-auto scrollbar-hide"[39m
                [36m>[39m
                  [36m<div[39m
                    [33mclass[39m=[32m"flex items-center group shrink-0"[39m
                  [36m>[39m
                    [36m<div[39m
                      [33mclass[39m=[32m"
                                flex items-center gap-1.5 px-1.5 py-0.5 rounded border text-[9px] font-mono transition-all duration-300
                                
                                bg-zinc-900 border-blue-500/30 text-blue-500 shadow-[0_0_15px_rgba(255,255,255,0.05)] scale-105 z-10
                                
                            "[39m
                    [36m>[39m
                      [36m<div[39m
                        [33mclass[39m=[32m"flex items-center justify-center"[39m
                      [36m>[39m
                        [36m<svg[39m
                          [33maria-hidden[39m=[32m"true"[39m
                          [33mclass[39m=[32m"lucide lucide-map-pin animate-pulse"[39m
                          [33mfill[39m=[32m"none"[39m
                          [33mheight[39m=[32m"8"[39m
                          [33mstroke[39m=[32m"currentColor"[39m
                          [33mstroke-linecap[39m=[32m"round"[39m
                          [33mstroke-linejoin[39m=[32m"round"[39m
                          [33mstroke-width[39m=[32m"2"[39m
                          [33mviewBox[39m=[32m"0 0 24 24"[39m
                          [33mwidth[39m=[32m"8"[39m
                          [33mxmlns[39m=[32m"http://www.w3.org/2000/svg"[39m
                        [36m>[39m
                          [36m<path[39m
                            [33md[39m=[32m"M20 10c0 4.993-5.539 10.193-7.399 11.799a1 1 0 0 1-1.202 0C9.539 20.193 4 14.993 4 10a8 8 0 0 1 16 0"[39m
                          [36m/>[39m
                          [36m<circle[39m
                            [33mcx[39m=[32m"12"[39m
                            [33mcy[39m=[32m"10"[39m
                            [33mr[39m=[32m"3"[39m
                          [36m/>[39m
                        [36m</svg>[39m
                      [36m</div>[39m
                      [36m<span[39m
                        [33mclass[39m=[32m"whitespace-nowrap font-bold"[39m
                      [36m>[39m
                        [0mTest Protocol Level[0m
                      [36m</span>[39m
                    [36m</div>[39m
                  [36m</div>[39m
                [36m</div>[39m
              [36m</div>[39m
            [36m</div>[39m
            [36m<div[39m
              [33mclass[39m=[32m"flex items-center gap-6 shrink-0 h-8"[39m
            [36m>[39m
              [36m<div[39m
                [33mclass[39m=[32m"mr-4 text-right"[39m
              [36m>[39m
                [36m<span[39m
                  [33mclass[39m=[32m"text-orange-400 font-mono font-bold uppercase tracking-wider text-sm"[39m
                [36m>[39m
                  [0mUser: AI-7734[0m
                [36m</span>[39m
              [36m</div>[39m
              [36m<div[39m
                [33mclass[39m=[32m"flex items-center gap-6 px-6 border-l border-r border-zinc-800"[39m
              [36m>[39m
                [36m<div[39m
                  [33mclass[39m=[32m"flex flex-col items-center justify-center gap-0.5 transition-all duration-700 text-zinc-600"[39m
     ...
[90m [2m❯[22m Proxy.waitForWrapper node_modules/@testing-library/dom/dist/wait-for.js:[2m163:27[22m[39m
[36m [2m❯[22m src/warnings.test.tsx:[2m100:15[22m[39m
    [90m 98| [39m
    [90m 99| [39m        [90m// 3. Verify Warning Appears[39m
    [90m100| [39m        await waitFor(() => expect(screen.getByText('Protocol Violatio…
    [90m   | [39m              [31m^[39m
    [90m101| [39m        expect(screen.getByText(/Active sort order detected/i)).toBeTr…
    [90m102| [39m

[31m[2m⎯⎯⎯⎯⎯⎯⎯⎯⎯⎯⎯⎯⎯⎯⎯⎯⎯⎯⎯⎯⎯⎯⎯⎯[1/4]⎯[22m[39m

[41m[1m FAIL [22m[49m src/warnings.test.tsx[2m > [22mProtocol Violation Warnings[2m > [22mFinal task violation (Sort) allows Shift+Enter to auto-fix
[31m[1mTestingLibraryElementError[22m[39m: Unable to find an element with the text: Protocol Violation. This could be because the text is broken up by multiple elements. In this case, you can provide a function for your text matcher to make your matcher more flexible.

Ignored nodes: comments, script, style
[36m<body>[39m
  [36m<div>[39m
    [36m<div[39m
      [33mclass[39m=[32m"flex h-screen w-screen bg-zinc-950 text-zinc-300 overflow-hidden relative"[39m
    [36m>[39m
      [36m<div[39m
        [33mclass[39m=[32m"flex flex-col flex-1 h-full min-w-0"[39m
      [36m>[39m
        [36m<div[39m
          [33mclass[39m=[32m"w-full bg-black/50 border-b border-zinc-800 py-3 px-6 flex items-center justify-between backdrop-blur-sm z-[70] relative"[39m
        [36m>[39m
          [36m<div[39m
            [33mclass[39m=[32m"flex items-center gap-6 overflow-hidden mr-4 h-8 flex-1"[39m
          [36m>[39m
            [36m<button[39m
              [33mclass[39m=[32m"flex items-center gap-2 text-xs font-mono text-zinc-400 hover:text-white transition-colors group cursor-pointer focus:outline-none shrink-0"[39m
              [33mtitle[39m=[32m"Quest Map (Alt+M)"[39m
            [36m>[39m
              [36m<svg[39m
                [33maria-hidden[39m=[32m"true"[39m
                [33mclass[39m=[32m"lucide lucide-map text-zinc-400 group-hover:text-orange-500 transition-colors"[39m
                [33mfill[39m=[32m"none"[39m
                [33mheight[39m=[32m"16"[39m
                [33mstroke[39m=[32m"currentColor"[39m
                [33mstroke-linecap[39m=[32m"round"[39m
                [33mstroke-linejoin[39m=[32m"round"[39m
                [33mstroke-width[39m=[32m"2"[39m
                [33mviewBox[39m=[32m"0 0 24 24"[39m
                [33mwidth[39m=[32m"16"[39m
                [33mxmlns[39m=[32m"http://www.w3.org/2000/svg"[39m
              [36m>[39m
                [36m<path[39m
                  [33md[39m=[32m"M14.106 5.553a2 2 0 0 0 1.788 0l3.659-1.83A1 1 0 0 1 21 4.619v12.764a1 1 0 0 1-.553.894l-4.553 2.277a2 2 0 0 1-1.788 0l-4.212-2.106a2 2 0 0 0-1.788 0l-3.659 1.83A1 1 0 0 1 3 19.381V6.618a1 1 0 0 1 .553-.894l4.553-2.277a2 2 0 0 1 1.788 0z"[39m
                [36m/>[39m
                [36m<path[39m
                  [33md[39m=[32m"M15 5.764v15"[39m
                [36m/>[39m
                [36m<path[39m
                  [33md[39m=[32m"M9 3.236v15"[39m
                [36m/>[39m
              [36m</svg>[39m
              [36m<span[39m
                [33mclass[39m=[32m"uppercase tracking-widest font-bold border-b border-transparent group-hover:border-zinc-500"[39m
              [36m>[39m
                [0mMap[0m
              [36m</span>[39m
            [36m</button>[39m
            [36m<div[39m
              [33mclass[39m=[32m"h-4 w-px bg-zinc-800 shrink-0"[39m
            [36m/>[39m
            [36m<div[39m
              [33mclass[39m=[32m"flex flex-col justify-center h-full"[39m
            [36m>[39m
              [36m<div[39m
                [33mclass[39m=[32m"flex items-center gap-2 mb-1"[39m
              [36m>[39m
                [36m<span[39m
                  [33mclass[39m=[32m"text-[10px] uppercase font-bold tracking-widest leading-none text-blue-500"[39m
                [36m>[39m
                  [0mEp. I: Awakening[0m
                [36m</span>[39m
              [36m</div>[39m
              [36m<div[39m
                [33mclass[39m=[32m"flex items-center h-4 max-w-[200px] sm:max-w-none overflow-x-auto scrollbar-hide"[39m
              [36m>[39m
                [36m<div[39m
                  [33mclass[39m=[32m"flex items-center group shrink-0"[39m
                [36m>[39m
                  [36m<div[39m
                    [33mclass[39m=[32m"
                                flex items-center gap-1.5 px-1.5 py-0.5 rounded border text-[9px] font-mono transition-all duration-300
                                
                                bg-zinc-900 border-blue-500/30 text-blue-500 shadow-[0_0_15px_rgba(255,255,255,0.05)] scale-105 z-10
                                
                            "[39m
                  [36m>[39m
                    [36m<div[39m
                      [33mclass[39m=[32m"flex items-center justify-center"[39m
                    [36m>[39m
                      [36m<svg[39m
                        [33maria-hidden[39m=[32m"true"[39m
                        [33mclass[39m=[32m"lucide lucide-map-pin animate-pulse"[39m
                        [33mfill[39m=[32m"none"[39m
                        [33mheight[39m=[32m"8"[39m
                        [33mstroke[39m=[32m"currentColor"[39m
                        [33mstroke-linecap[39m=[32m"round"[39m
                        [33mstroke-linejoin[39m=[32m"round"[39m
                        [33mstroke-width[39m=[32m"2"[39m
                        [33mviewBox[39m=[32m"0 0 24 24"[39m
                        [33mwidth[39m=[32m"8"[39m
                        [33mxmlns[39m=[32m"http://www.w3.org/2000/svg"[39m
                      [36m>[39m
                        [36m<path[39m
                          [33md[39m=[32m"M20 10c0 4.993-5.539 10.193-7.399 11.799a1 1 0 0 1-1.202 0C9.539 20.193 4 14.993 4 10a8 8 0 0 1 16 0"[39m
                        [36m/>[39m
                        [36m<circle[39m
                          [33mcx[39m=[32m"12"[39m
                          [33mcy[39m=[32m"10"[39m
                          [33mr[39m=[32m"3"[39m
                        [36m/>[39m
                      [36m</svg>[39m
                    [36m</div>[39m
                    [36m<span[39m
                      [33mclass[39m=[32m"whitespace-nowrap font-bold"[39m
                    [36m>[39m
                      [0mTest Protocol Level[0m
                    [36m</span>[39m
                  [36m</div>[39m
                [36m</div>[39m
              [36m</div>[39m
            [36m</div>[39m
          [36m</div>[39m
          [36m<div[39m
            [33mclass[39m=[32m"flex items-center gap-6 shrink-0 h-8"[39m
          [36m>[39m
            [36m<div[39m
              [33mclass[39m=[32m"mr-4 text-right"[39m
            [36m>[39m
              [36m<span[39m
                [33mclass[39m=[32m"text-orange-400 font-mono font-bold uppercase tracking-wider text-sm"[39m
              [36m>[39m
                [0mUser: AI-7734[0m
              [36m</span>[39m
            [36m</div>[39m
            [36m<div[39m
              [33mclass[39m=[32m"flex items-center gap-6 px-6 border-l border-r border-zinc-800"[39m
            [36m>[39m
              [36m<div[39m
                [33mclass[39m=[32m"flex flex-col items-center justify-center gap-0.5 transition-all duration-700 text-zinc-600"[39m
              [36m>[39m
                [36m<svg[39m
                  [33maria-hidden[39m=[32m"true"[39m
                  [33mclass[39m=[32m"lucide lucide-zap"[39m
                  [33mfill[39m=[32m"none"[39m
                  [33mheight[39m=[32m"14"[39m
             ...

Ignored nodes: comments, script, style
[36m<html>[39m
  [36m<head />[39m
  [36m<body>[39m
    [36m<div>[39m
      [36m<div[39m
        [33mclass[39m=[32m"flex h-screen w-screen bg-zinc-950 text-zinc-300 overflow-hidden relative"[39m
      [36m>[39m
        [36m<div[39m
          [33mclass[39m=[32m"flex flex-col flex-1 h-full min-w-0"[39m
        [36m>[39m
          [36m<div[39m
            [33mclass[39m=[32m"w-full bg-black/50 border-b border-zinc-800 py-3 px-6 flex items-center justify-between backdrop-blur-sm z-[70] relative"[39m
          [36m>[39m
            [36m<div[39m
              [33mclass[39m=[32m"flex items-center gap-6 overflow-hidden mr-4 h-8 flex-1"[39m
            [36m>[39m
              [36m<button[39m
                [33mclass[39m=[32m"flex items-center gap-2 text-xs font-mono text-zinc-400 hover:text-white transition-colors group cursor-pointer focus:outline-none shrink-0"[39m
                [33mtitle[39m=[32m"Quest Map (Alt+M)"[39m
              [36m>[39m
                [36m<svg[39m
                  [33maria-hidden[39m=[32m"true"[39m
                  [33mclass[39m=[32m"lucide lucide-map text-zinc-400 group-hover:text-orange-500 transition-colors"[39m
                  [33mfill[39m=[32m"none"[39m
                  [33mheight[39m=[32m"16"[39m
                  [33mstroke[39m=[32m"currentColor"[39m
                  [33mstroke-linecap[39m=[32m"round"[39m
                  [33mstroke-linejoin[39m=[32m"round"[39m
                  [33mstroke-width[39m=[32m"2"[39m
                  [33mviewBox[39m=[32m"0 0 24 24"[39m
                  [33mwidth[39m=[32m"16"[39m
                  [33mxmlns[39m=[32m"http://www.w3.org/2000/svg"[39m
                [36m>[39m
                  [36m<path[39m
                    [33md[39m=[32m"M14.106 5.553a2 2 0 0 0 1.788 0l3.659-1.83A1 1 0 0 1 21 4.619v12.764a1 1 0 0 1-.553.894l-4.553 2.277a2 2 0 0 1-1.788 0l-4.212-2.106a2 2 0 0 0-1.788 0l-3.659 1.83A1 1 0 0 1 3 19.381V6.618a1 1 0 0 1 .553-.894l4.553-2.277a2 2 0 0 1 1.788 0z"[39m
                  [36m/>[39m
                  [36m<path[39m
                    [33md[39m=[32m"M15 5.764v15"[39m
                  [36m/>[39m
                  [36m<path[39m
                    [33md[39m=[32m"M9 3.236v15"[39m
                  [36m/>[39m
                [36m</svg>[39m
                [36m<span[39m
                  [33mclass[39m=[32m"uppercase tracking-widest font-bold border-b border-transparent group-hover:border-zinc-500"[39m
                [36m>[39m
                  [0mMap[0m
                [36m</span>[39m
              [36m</button>[39m
              [36m<div[39m
                [33mclass[39m=[32m"h-4 w-px bg-zinc-800 shrink-0"[39m
              [36m/>[39m
              [36m<div[39m
                [33mclass[39m=[32m"flex flex-col justify-center h-full"[39m
              [36m>[39m
                [36m<div[39m
                  [33mclass[39m=[32m"flex items-center gap-2 mb-1"[39m
                [36m>[39m
                  [36m<span[39m
                    [33mclass[39m=[32m"text-[10px] uppercase font-bold tracking-widest leading-none text-blue-500"[39m
                  [36m>[39m
                    [0mEp. I: Awakening[0m
                  [36m</span>[39m
                [36m</div>[39m
                [36m<div[39m
                  [33mclass[39m=[32m"flex items-center h-4 max-w-[200px] sm:max-w-none overflow-x-auto scrollbar-hide"[39m
                [36m>[39m
                  [36m<div[39m
                    [33mclass[39m=[32m"flex items-center group shrink-0"[39m
                  [36m>[39m
                    [36m<div[39m
                      [33mclass[39m=[32m"
                                flex items-center gap-1.5 px-1.5 py-0.5 rounded border text-[9px] font-mono transition-all duration-300
                                
                                bg-zinc-900 border-blue-500/30 text-blue-500 shadow-[0_0_15px_rgba(255,255,255,0.05)] scale-105 z-10
                                
                            "[39m
                    [36m>[39m
                      [36m<div[39m
                        [33mclass[39m=[32m"flex items-center justify-center"[39m
                      [36m>[39m
                        [36m<svg[39m
                          [33maria-hidden[39m=[32m"true"[39m
                          [33mclass[39m=[32m"lucide lucide-map-pin animate-pulse"[39m
                          [33mfill[39m=[32m"none"[39m
                          [33mheight[39m=[32m"8"[39m
                          [33mstroke[39m=[32m"currentColor"[39m
                          [33mstroke-linecap[39m=[32m"round"[39m
                          [33mstroke-linejoin[39m=[32m"round"[39m
                          [33mstroke-width[39m=[32m"2"[39m
                          [33mviewBox[39m=[32m"0 0 24 24"[39m
                          [33mwidth[39m=[32m"8"[39m
                          [33mxmlns[39m=[32m"http://www.w3.org/2000/svg"[39m
                        [36m>[39m
                          [36m<path[39m
                            [33md[39m=[32m"M20 10c0 4.993-5.539 10.193-7.399 11.799a1 1 0 0 1-1.202 0C9.539 20.193 4 14.993 4 10a8 8 0 0 1 16 0"[39m
                          [36m/>[39m
                          [36m<circle[39m
                            [33mcx[39m=[32m"12"[39m
                            [33mcy[39m=[32m"10"[39m
                            [33mr[39m=[32m"3"[39m
                          [36m/>[39m
                        [36m</svg>[39m
                      [36m</div>[39m
                      [36m<span[39m
                        [33mclass[39m=[32m"whitespace-nowrap font-bold"[39m
                      [36m>[39m
                        [0mTest Protocol Level[0m
                      [36m</span>[39m
                    [36m</div>[39m
                  [36m</div>[39m
                [36m</div>[39m
              [36m</div>[39m
            [36m</div>[39m
            [36m<div[39m
              [33mclass[39m=[32m"flex items-center gap-6 shrink-0 h-8"[39m
            [36m>[39m
              [36m<div[39m
                [33mclass[39m=[32m"mr-4 text-right"[39m
              [36m>[39m
                [36m<span[39m
                  [33mclass[39m=[32m"text-orange-400 font-mono font-bold uppercase tracking-wider text-sm"[39m
                [36m>[39m
                  [0mUser: AI-7734[0m
                [36m</span>[39m
              [36m</div>[39m
              [36m<div[39m
                [33mclass[39m=[32m"flex items-center gap-6 px-6 border-l border-r border-zinc-800"[39m
              [36m>[39m
                [36m<div[39m
                  [33mclass[39m=[32m"flex flex-col items-center justify-center gap-0.5 transition-all duration-700 text-zinc-600"[39m
     ...
[90m [2m❯[22m Proxy.waitForWrapper node_modules/@testing-library/dom/dist/wait-for.js:[2m163:27[22m[39m
[36m [2m❯[22m src/warnings.test.tsx:[2m148:15[22m[39m
    [90m146| [39m
    [90m147| [39m        [90m// 3. Verify Warning[39m
    [90m148| [39m        await waitFor(() => expect(screen.getByText('Protocol Violatio…
    [90m   | [39m              [31m^[39m
    [90m149| [39m
    [90m150| [39m        [90m// 4. Verify Auto-Fix available[39m

[31m[2m⎯⎯⎯⎯⎯⎯⎯⎯⎯⎯⎯⎯⎯⎯⎯⎯⎯⎯⎯⎯⎯⎯⎯⎯[2/4]⎯[22m[39m

[41m[1m FAIL [22m[49m src/warnings.test.tsx[2m > [22mProtocol Violation Warnings[2m > [22mIntermediate task violation (Filter) shows warning but disables Shift+Enter
[31m[1mTestingLibraryElementError[22m[39m: Unable to find an accessible element with the role "textbox"

Here are the accessible roles:

  button:

  Name "Map":
  [36m<button[39m
    [33mclass[39m=[32m"flex items-center gap-2 text-xs font-mono text-zinc-400 hover:text-white transition-colors group cursor-pointer focus:outline-none shrink-0"[39m
    [33mtitle[39m=[32m"Quest Map (Alt+M)"[39m
  [36m/>[39m

  Name "Show Hint (Alt+H)":
  [36m<button[39m
    [33mclass[39m=[32m"flex items-center justify-center w-8 h-8 rounded hover:bg-zinc-800 text-zinc-400 hover:text-yellow-400 transition-colors border border-transparent hover:border-zinc-700"[39m
    [33mtitle[39m=[32m"Show Hint (Alt+H)"[39m
  [36m/>[39m

  Name "Show Help (Alt+?)":
  [36m<button[39m
    [33mclass[39m=[32m"flex items-center justify-center w-8 h-8 rounded hover:bg-zinc-800 text-zinc-400 hover:text-blue-400 transition-colors border border-transparent hover:border-zinc-700"[39m
    [33mtitle[39m=[32m"Show Help (Alt+?)"[39m
  [36m/>[39m

  --------------------------------------------------
  list:

  Name "File Browser":
  [36m<div[39m
    [33maria-label[39m=[32m"File Browser"[39m
    [33mclass[39m=[32m"flex-1 overflow-y-auto py-1 scrollbar-hide relative "[39m
    [33mrole[39m=[32m"list"[39m
  [36m/>[39m

  Name "File Browser":
  [36m<div[39m
    [33maria-label[39m=[32m"File Browser"[39m
    [33mclass[39m=[32m"flex-1 overflow-y-auto py-1 scrollbar-hide relative "[39m
    [33mrole[39m=[32m"list"[39m
  [36m/>[39m

  --------------------------------------------------
  listitem:

  Name "guest, dir":
  [36m<div[39m
    [33maria-label[39m=[32m"guest, dir"[39m
    [33mclass[39m=[32m"
      px-3 py-0.5 flex items-center gap-2 truncate font-mono cursor-default text-sm transition-colors duration-75 relative
      
      
      opacity-50 grayscale
      
    "[39m
    [33mrole[39m=[32m"listitem"[39m
  [36m/>[39m

  --------------------------------------------------
  status:

  Name "":
  [36m<div[39m
    [33mclass[39m=[32m"absolute top-10 w-full text-center text-zinc-600 font-mono text-sm select-none"[39m
    [33mrole[39m=[32m"status"[39m
  [36m/>[39m

  --------------------------------------------------
  heading:

  Name "Mission Log: LVL 999 - Test Protocol Level":
  [36m<h3[39m
    [33mclass[39m=[32m"text-[10px] font-bold text-orange-500 uppercase tracking-wider"[39m
  [36m/>[39m

  Name "Target":
  [36m<h3[39m
    [33mclass[39m=[32m"text-[10px] uppercase font-bold text-zinc-500 mb-1 tracking-widest"[39m
  [36m/>[39m

  Name "Objectives":
  [36m<h3[39m
    [33mclass[39m=[32m"text-[10px] uppercase font-bold text-zinc-500 mb-2 tracking-widest"[39m
  [36m/>[39m

  --------------------------------------------------
  paragraph:

  Name "":
  [36m<p[39m
    [33mclass[39m=[32m"text-xs text-zinc-300 font-mono leading-relaxed"[39m
  [36m/>[39m

  --------------------------------------------------

Ignored nodes: comments, script, style
[36m<body>[39m
  [36m<div>[39m
    [36m<div[39m
      [33mclass[39m=[32m"flex h-screen w-screen bg-zinc-950 text-zinc-300 overflow-hidden relative"[39m
    [36m>[39m
      [36m<div[39m
        [33mclass[39m=[32m"flex flex-col flex-1 h-full min-w-0"[39m
      [36m>[39m
        [36m<div[39m
          [33mclass[39m=[32m"w-full bg-black/50 border-b border-zinc-800 py-3 px-6 flex items-center justify-between backdrop-blur-sm z-[70] relative"[39m
        [36m>[39m
          [36m<div[39m
            [33mclass[39m=[32m"flex items-center gap-6 overflow-hidden mr-4 h-8 flex-1"[39m
          [36m>[39m
            [36m<button[39m
              [33mclass[39m=[32m"flex items-center gap-2 text-xs font-mono text-zinc-400 hover:text-white transition-colors group cursor-pointer focus:outline-none shrink-0"[39m
              [33mtitle[39m=[32m"Quest Map (Alt+M)"[39m
            [36m>[39m
              [36m<svg[39m
                [33maria-hidden[39m=[32m"true"[39m
                [33mclass[39m=[32m"lucide lucide-map text-zinc-400 group-hover:text-orange-500 transition-colors"[39m
                [33mfill[39m=[32m"none"[39m
                [33mheight[39m=[32m"16"[39m
                [33mstroke[39m=[32m"currentColor"[39m
                [33mstroke-linecap[39m=[32m"round"[39m
                [33mstroke-linejoin[39m=[32m"round"[39m
                [33mstroke-width[39m=[32m"2"[39m
                [33mviewBox[39m=[32m"0 0 24 24"[39m
                [33mwidth[39m=[32m"16"[39m
                [33mxmlns[39m=[32m"http://www.w3.org/2000/svg"[39m
              [36m>[39m
                [36m<path[39m
                  [33md[39m=[32m"M14.106 5.553a2 2 0 0 0 1.788 0l3.659-1.83A1 1 0 0 1 21 4.619v12.764a1 1 0 0 1-.553.894l-4.553 2.277a2 2 0 0 1-1.788 0l-4.212-2.106a2 2 0 0 0-1.788 0l-3.659 1.83A1 1 0 0 1 3 19.381V6.618a1 1 0 0 1 .553-.894l4.553-2.277a2 2 0 0 1 1.788 0z"[39m
                [36m/>[39m
                [36m<path[39m
                  [33md[39m=[32m"M15 5.764v15"[39m
                [36m/>[39m
                [36m<path[39m
                  [33md[39m=[32m"M9 3.236v15"[39m
                [36m/>[39m
              [36m</svg>[39m
              [36m<span[39m
                [33mclass[39m=[32m"uppercase tracking-widest font-bold border-b border-transparent group-hover:border-zinc-500"[39m
              [36m>[39m
                [0mMap[0m
              [36m</span>[39m
            [36m</button>[39m
            [36m<div[39m
              [33mclass[39m=[32m"h-4 w-px bg-zinc-800 shrink-0"[39m
            [36m/>[39m
            [36m<div[39m
              [33mclass[39m=[32m"flex flex-col justify-center h-full"[39m
            [36m>[39m
              [36m<div[39m
                [33mclass[39m=[32m"flex items-center gap-2 mb-1"[39m
              [36m>[39m
                [36m<span[39m
                  [33mclass[39m=[32m"text-[10px] uppercase font-bold tracking-widest leading-none text-blue-500"[39m
                [36m>[39m
                  [0mEp. I: Awakening[0m
                [36m</span>[39m
              [36m</div>[39m
              [36m<div[39m
                [33mclass[39m=[32m"flex items-center h-4 max-w-[200px] sm:max-w-none overflow-x-auto scrollbar-hide"[39m
              [36m>[39m
                [36m<div[39m
                  [33mclass[39m=[32m"flex items-center group shrink-0"[39m
                [36m>[39m
                  [36m<div[39m
                    [33mclass[39m=[32m"
                                flex items-center gap-1.5 px-1.5 py-0.5 rounded border text-[9px] font-mono transition-all duration-300
                                
                                bg-zinc-900 border-blue-500/30 text-blue-500 shadow-[0_0_15px_rgba(255,255,255,0.05)] scale-105 z-10
                                
                            "[39m
                  [36m>[39m
                    [36m<div[39m
                      [33mclass[39m=[32m"flex items-center justify-center"[39m
                    [36m>[39m
                      [36m<svg[39m
                        [33maria-hidden[39m=[32m"true"[39m
                        [33mclass[39m=[32m"lucide lucide-map-pin animate-pulse"[39m
                        [33mfill[39m=[32m"none"[39m
                        [33mheight[39m=[32m"8"[39m
                        [33mstroke[39m=[32m"currentColor"[39m
                        [33mstroke-linecap[39m=[32m"round"[39m
                        [33mstroke-linejoin[39m=[32m"round"[39m
                        [33mstroke-width[39m=[32m"2"[39m
                        [33mviewBox[39m=[32m"0 0 24 24"[39m
                        [33mwidth[39m=[32m"8"[39m
                        [33mxmlns[39m=[32m"http://www.w3.org/2000/svg"[39m
                      [36m>[39m
                        [36m<path[39m
                          [33md[39m=[32m"M20 10c0 4.993-5.539 10.193-7.399 11.799a1 1 0 0 1-1.202 0C9.539 20.193 4 14.993 4 10a8 8 0 0 1 16 0"[39m
                        [36m/>[39m
                        [36m<circle[39m
                          [33mcx[39m=[32m"12"[39m
                          [33mcy[39m=[32m"10"[39m
                          [33mr[39m=[32m"3"[39m
                        [36m/>[39m
                      [36m</svg>[39m
                    [36m</div>[39m
                    [36m<span[39m
                      [33mclass[39m=[32m"whitespace-nowrap font-bold"[39m
                    [36m>[39m
                      [0mTest Protocol Level[0m
                    [36m</span>[39m
                  [36m</div>[39m
                [36m</div>[39m
              [36m</div>[39m
            [36m</div>[39m
          [36m</div>[39m
          [36m<div[39m
            [33mclass[39m=[32m"flex items-center gap-6 shrink-0 h-8"[39m
          [36m>[39m
            [36m<div[39m
              [33mclass[39m=[32m"mr-4 text-right"[39m
            [36m>[39m
              [36m<span[39m
                [33mclass[39m=[32m"text-orange-400 font-mono font-bold uppercase tracking-wider text-sm"[39m
              [36m>[39m
                [0mUser: AI-7734[0m
              [36m</span>[39m
            [36m</div>[39m
            [36m<div[39m
              [33mclass[39m=[32m"flex items-center gap-6 px-6 border-l border-r border-zinc-800"[39m
            [36m>[39m
              [36m<div[39m
                [33mclass[39m=[32m"flex flex-col items-center justify-center gap-0.5 transition-all duration-700 text-zinc-600"[39m
              [36m>[39m
                [36m<svg[39m
                  [33maria-hidden[39m=[32m"true"[39m
                  [33mclass[39m=[32m"lucide lucide-zap"[39m
                  [33mfill[39m=[32m"none"[39m
                  [33mheight[39m=[32m"14"[39m
             ...
[90m [2m❯[22m Object.getElementError node_modules/@testing-library/dom/dist/config.js:[2m37:19[22m[39m
[90m [2m❯[22m node_modules/@testing-library/dom/dist/query-helpers.js:[2m76:38[22m[39m
[90m [2m❯[22m node_modules/@testing-library/dom/dist/query-helpers.js:[2m52:17[22m[39m
[90m [2m❯[22m node_modules/@testing-library/dom/dist/query-helpers.js:[2m95:19[22m[39m
[36m [2m❯[22m src/warnings.test.tsx:[2m171:33[22m[39m
    [90m169| [39m        fireEvent[33m.[39m[34mkeyDown[39m(window[33m,[39m { key[33m:[39m [32m'/'[39m })[33m;[39m
    [90m170| [39m        [90m// Type 'file1'[39m
    [90m171| [39m        fireEvent.change(screen.getByRole('textbox'), { target: { valu…
    [90m   | [39m                                [31m^[39m
    [90m172| [39m        fireEvent.keyDown(screen.getByRole('textbox'), { key: 'Enter' …
    [90m173| [39m

[31m[2m⎯⎯⎯⎯⎯⎯⎯⎯⎯⎯⎯⎯⎯⎯⎯⎯⎯⎯⎯⎯⎯⎯⎯⎯[3/4]⎯[22m[39m

[41m[1m FAIL [22m[49m src/warnings.test.tsx[2m > [22mProtocol Violation Warnings[2m > [22mIntermediate task violation (Hidden Files) shows warning but disables Shift+Enter
[31m[1mTestingLibraryElementError[22m[39m: Unable to find an element with the text: Protocol Violation. This could be because the text is broken up by multiple elements. In this case, you can provide a function for your text matcher to make your matcher more flexible.

Ignored nodes: comments, script, style
[36m<body>[39m
  [36m<div>[39m
    [36m<div[39m
      [33mclass[39m=[32m"flex h-screen w-screen bg-zinc-950 text-zinc-300 overflow-hidden relative"[39m
    [36m>[39m
      [36m<div[39m
        [33mclass[39m=[32m"flex flex-col flex-1 h-full min-w-0"[39m
      [36m>[39m
        [36m<div[39m
          [33mclass[39m=[32m"w-full bg-black/50 border-b border-zinc-800 py-3 px-6 flex items-center justify-between backdrop-blur-sm z-[70] relative"[39m
        [36m>[39m
          [36m<div[39m
            [33mclass[39m=[32m"flex items-center gap-6 overflow-hidden mr-4 h-8 flex-1"[39m
          [36m>[39m
            [36m<button[39m
              [33mclass[39m=[32m"flex items-center gap-2 text-xs font-mono text-zinc-400 hover:text-white transition-colors group cursor-pointer focus:outline-none shrink-0"[39m
              [33mtitle[39m=[32m"Quest Map (Alt+M)"[39m
            [36m>[39m
              [36m<svg[39m
                [33maria-hidden[39m=[32m"true"[39m
                [33mclass[39m=[32m"lucide lucide-map text-zinc-400 group-hover:text-orange-500 transition-colors"[39m
                [33mfill[39m=[32m"none"[39m
                [33mheight[39m=[32m"16"[39m
                [33mstroke[39m=[32m"currentColor"[39m
                [33mstroke-linecap[39m=[32m"round"[39m
                [33mstroke-linejoin[39m=[32m"round"[39m
                [33mstroke-width[39m=[32m"2"[39m
                [33mviewBox[39m=[32m"0 0 24 24"[39m
                [33mwidth[39m=[32m"16"[39m
                [33mxmlns[39m=[32m"http://www.w3.org/2000/svg"[39m
              [36m>[39m
                [36m<path[39m
                  [33md[39m=[32m"M14.106 5.553a2 2 0 0 0 1.788 0l3.659-1.83A1 1 0 0 1 21 4.619v12.764a1 1 0 0 1-.553.894l-4.553 2.277a2 2 0 0 1-1.788 0l-4.212-2.106a2 2 0 0 0-1.788 0l-3.659 1.83A1 1 0 0 1 3 19.381V6.618a1 1 0 0 1 .553-.894l4.553-2.277a2 2 0 0 1 1.788 0z"[39m
                [36m/>[39m
                [36m<path[39m
                  [33md[39m=[32m"M15 5.764v15"[39m
                [36m/>[39m
                [36m<path[39m
                  [33md[39m=[32m"M9 3.236v15"[39m
                [36m/>[39m
              [36m</svg>[39m
              [36m<span[39m
                [33mclass[39m=[32m"uppercase tracking-widest font-bold border-b border-transparent group-hover:border-zinc-500"[39m
              [36m>[39m
                [0mMap[0m
              [36m</span>[39m
            [36m</button>[39m
            [36m<div[39m
              [33mclass[39m=[32m"h-4 w-px bg-zinc-800 shrink-0"[39m
            [36m/>[39m
            [36m<div[39m
              [33mclass[39m=[32m"flex flex-col justify-center h-full"[39m
            [36m>[39m
              [36m<div[39m
                [33mclass[39m=[32m"flex items-center gap-2 mb-1"[39m
              [36m>[39m
                [36m<span[39m
                  [33mclass[39m=[32m"text-[10px] uppercase font-bold tracking-widest leading-none text-blue-500"[39m
                [36m>[39m
                  [0mEp. I: Awakening[0m
                [36m</span>[39m
              [36m</div>[39m
              [36m<div[39m
                [33mclass[39m=[32m"flex items-center h-4 max-w-[200px] sm:max-w-none overflow-x-auto scrollbar-hide"[39m
              [36m>[39m
                [36m<div[39m
                  [33mclass[39m=[32m"flex items-center group shrink-0"[39m
                [36m>[39m
                  [36m<div[39m
                    [33mclass[39m=[32m"
                                flex items-center gap-1.5 px-1.5 py-0.5 rounded border text-[9px] font-mono transition-all duration-300
                                
                                bg-zinc-900 border-blue-500/30 text-blue-500 shadow-[0_0_15px_rgba(255,255,255,0.05)] scale-105 z-10
                                
                            "[39m
                  [36m>[39m
                    [36m<div[39m
                      [33mclass[39m=[32m"flex items-center justify-center"[39m
                    [36m>[39m
                      [36m<svg[39m
                        [33maria-hidden[39m=[32m"true"[39m
                        [33mclass[39m=[32m"lucide lucide-map-pin animate-pulse"[39m
                        [33mfill[39m=[32m"none"[39m
                        [33mheight[39m=[32m"8"[39m
                        [33mstroke[39m=[32m"currentColor"[39m
                        [33mstroke-linecap[39m=[32m"round"[39m
                        [33mstroke-linejoin[39m=[32m"round"[39m
                        [33mstroke-width[39m=[32m"2"[39m
                        [33mviewBox[39m=[32m"0 0 24 24"[39m
                        [33mwidth[39m=[32m"8"[39m
                        [33mxmlns[39m=[32m"http://www.w3.org/2000/svg"[39m
                      [36m>[39m
                        [36m<path[39m
                          [33md[39m=[32m"M20 10c0 4.993-5.539 10.193-7.399 11.799a1 1 0 0 1-1.202 0C9.539 20.193 4 14.993 4 10a8 8 0 0 1 16 0"[39m
                        [36m/>[39m
                        [36m<circle[39m
                          [33mcx[39m=[32m"12"[39m
                          [33mcy[39m=[32m"10"[39m
                          [33mr[39m=[32m"3"[39m
                        [36m/>[39m
                      [36m</svg>[39m
                    [36m</div>[39m
                    [36m<span[39m
                      [33mclass[39m=[32m"whitespace-nowrap font-bold"[39m
                    [36m>[39m
                      [0mTest Protocol Level[0m
                    [36m</span>[39m
                  [36m</div>[39m
                [36m</div>[39m
              [36m</div>[39m
            [36m</div>[39m
          [36m</div>[39m
          [36m<div[39m
            [33mclass[39m=[32m"flex items-center gap-6 shrink-0 h-8"[39m
          [36m>[39m
            [36m<div[39m
              [33mclass[39m=[32m"mr-4 text-right"[39m
            [36m>[39m
              [36m<span[39m
                [33mclass[39m=[32m"text-orange-400 font-mono font-bold uppercase tracking-wider text-sm"[39m
              [36m>[39m
                [0mUser: AI-7734[0m
              [36m</span>[39m
            [36m</div>[39m
            [36m<div[39m
              [33mclass[39m=[32m"flex items-center gap-6 px-6 border-l border-r border-zinc-800"[39m
            [36m>[39m
              [36m<div[39m
                [33mclass[39m=[32m"flex flex-col items-center justify-center gap-0.5 transition-all duration-700 text-zinc-600"[39m
              [36m>[39m
                [36m<svg[39m
                  [33maria-hidden[39m=[32m"true"[39m
                  [33mclass[39m=[32m"lucide lucide-zap"[39m
                  [33mfill[39m=[32m"none"[39m
                  [33mheight[39m=[32m"14"[39m
             ...

Ignored nodes: comments, script, style
[36m<html>[39m
  [36m<head />[39m
  [36m<body>[39m
    [36m<div>[39m
      [36m<div[39m
        [33mclass[39m=[32m"flex h-screen w-screen bg-zinc-950 text-zinc-300 overflow-hidden relative"[39m
      [36m>[39m
        [36m<div[39m
          [33mclass[39m=[32m"flex flex-col flex-1 h-full min-w-0"[39m
        [36m>[39m
          [36m<div[39m
            [33mclass[39m=[32m"w-full bg-black/50 border-b border-zinc-800 py-3 px-6 flex items-center justify-between backdrop-blur-sm z-[70] relative"[39m
          [36m>[39m
            [36m<div[39m
              [33mclass[39m=[32m"flex items-center gap-6 overflow-hidden mr-4 h-8 flex-1"[39m
            [36m>[39m
              [36m<button[39m
                [33mclass[39m=[32m"flex items-center gap-2 text-xs font-mono text-zinc-400 hover:text-white transition-colors group cursor-pointer focus:outline-none shrink-0"[39m
                [33mtitle[39m=[32m"Quest Map (Alt+M)"[39m
              [36m>[39m
                [36m<svg[39m
                  [33maria-hidden[39m=[32m"true"[39m
                  [33mclass[39m=[32m"lucide lucide-map text-zinc-400 group-hover:text-orange-500 transition-colors"[39m
                  [33mfill[39m=[32m"none"[39m
                  [33mheight[39m=[32m"16"[39m
                  [33mstroke[39m=[32m"currentColor"[39m
                  [33mstroke-linecap[39m=[32m"round"[39m
                  [33mstroke-linejoin[39m=[32m"round"[39m
                  [33mstroke-width[39m=[32m"2"[39m
                  [33mviewBox[39m=[32m"0 0 24 24"[39m
                  [33mwidth[39m=[32m"16"[39m
                  [33mxmlns[39m=[32m"http://www.w3.org/2000/svg"[39m
                [36m>[39m
                  [36m<path[39m
                    [33md[39m=[32m"M14.106 5.553a2 2 0 0 0 1.788 0l3.659-1.83A1 1 0 0 1 21 4.619v12.764a1 1 0 0 1-.553.894l-4.553 2.277a2 2 0 0 1-1.788 0l-4.212-2.106a2 2 0 0 0-1.788 0l-3.659 1.83A1 1 0 0 1 3 19.381V6.618a1 1 0 0 1 .553-.894l4.553-2.277a2 2 0 0 1 1.788 0z"[39m
                  [36m/>[39m
                  [36m<path[39m
                    [33md[39m=[32m"M15 5.764v15"[39m
                  [36m/>[39m
                  [36m<path[39m
                    [33md[39m=[32m"M9 3.236v15"[39m
                  [36m/>[39m
                [36m</svg>[39m
                [36m<span[39m
                  [33mclass[39m=[32m"uppercase tracking-widest font-bold border-b border-transparent group-hover:border-zinc-500"[39m
                [36m>[39m
                  [0mMap[0m
                [36m</span>[39m
              [36m</button>[39m
              [36m<div[39m
                [33mclass[39m=[32m"h-4 w-px bg-zinc-800 shrink-0"[39m
              [36m/>[39m
              [36m<div[39m
                [33mclass[39m=[32m"flex flex-col justify-center h-full"[39m
              [36m>[39m
                [36m<div[39m
                  [33mclass[39m=[32m"flex items-center gap-2 mb-1"[39m
                [36m>[39m
                  [36m<span[39m
                    [33mclass[39m=[32m"text-[10px] uppercase font-bold tracking-widest leading-none text-blue-500"[39m
                  [36m>[39m
                    [0mEp. I: Awakening[0m
                  [36m</span>[39m
                [36m</div>[39m
                [36m<div[39m
                  [33mclass[39m=[32m"flex items-center h-4 max-w-[200px] sm:max-w-none overflow-x-auto scrollbar-hide"[39m
                [36m>[39m
                  [36m<div[39m
                    [33mclass[39m=[32m"flex items-center group shrink-0"[39m
                  [36m>[39m
                    [36m<div[39m
                      [33mclass[39m=[32m"
                                flex items-center gap-1.5 px-1.5 py-0.5 rounded border text-[9px] font-mono transition-all duration-300
                                
                                bg-zinc-900 border-blue-500/30 text-blue-500 shadow-[0_0_15px_rgba(255,255,255,0.05)] scale-105 z-10
                                
                            "[39m
                    [36m>[39m
                      [36m<div[39m
                        [33mclass[39m=[32m"flex items-center justify-center"[39m
                      [36m>[39m
                        [36m<svg[39m
                          [33maria-hidden[39m=[32m"true"[39m
                          [33mclass[39m=[32m"lucide lucide-map-pin animate-pulse"[39m
                          [33mfill[39m=[32m"none"[39m
                          [33mheight[39m=[32m"8"[39m
                          [33mstroke[39m=[32m"currentColor"[39m
                          [33mstroke-linecap[39m=[32m"round"[39m
                          [33mstroke-linejoin[39m=[32m"round"[39m
                          [33mstroke-width[39m=[32m"2"[39m
                          [33mviewBox[39m=[32m"0 0 24 24"[39m
                          [33mwidth[39m=[32m"8"[39m
                          [33mxmlns[39m=[32m"http://www.w3.org/2000/svg"[39m
                        [36m>[39m
                          [36m<path[39m
                            [33md[39m=[32m"M20 10c0 4.993-5.539 10.193-7.399 11.799a1 1 0 0 1-1.202 0C9.539 20.193 4 14.993 4 10a8 8 0 0 1 16 0"[39m
                          [36m/>[39m
                          [36m<circle[39m
                            [33mcx[39m=[32m"12"[39m
                            [33mcy[39m=[32m"10"[39m
                            [33mr[39m=[32m"3"[39m
                          [36m/>[39m
                        [36m</svg>[39m
                      [36m</div>[39m
                      [36m<span[39m
                        [33mclass[39m=[32m"whitespace-nowrap font-bold"[39m
                      [36m>[39m
                        [0mTest Protocol Level[0m
                      [36m</span>[39m
                    [36m</div>[39m
                  [36m</div>[39m
                [36m</div>[39m
              [36m</div>[39m
            [36m</div>[39m
            [36m<div[39m
              [33mclass[39m=[32m"flex items-center gap-6 shrink-0 h-8"[39m
            [36m>[39m
              [36m<div[39m
                [33mclass[39m=[32m"mr-4 text-right"[39m
              [36m>[39m
                [36m<span[39m
                  [33mclass[39m=[32m"text-orange-400 font-mono font-bold uppercase tracking-wider text-sm"[39m
                [36m>[39m
                  [0mUser: AI-7734[0m
                [36m</span>[39m
              [36m</div>[39m
              [36m<div[39m
                [33mclass[39m=[32m"flex items-center gap-6 px-6 border-l border-r border-zinc-800"[39m
              [36m>[39m
                [36m<div[39m
                  [33mclass[39m=[32m"flex flex-col items-center justify-center gap-0.5 transition-all duration-700 text-zinc-600"[39m
     ...
[90m [2m❯[22m Proxy.waitForWrapper node_modules/@testing-library/dom/dist/wait-for.js:[2m163:27[22m[39m
[36m [2m❯[22m src/warnings.test.tsx:[2m216:15[22m[39m
    [90m214| [39m
    [90m215| [39m        [90m// 3. Verify Warning[39m
    [90m216| [39m        await waitFor(() => expect(screen.getByText('Protocol Violatio…
    [90m   | [39m              [31m^[39m
    [90m217| [39m        [34mexpect[39m(screen[33m.[39m[34mgetByText[39m([36m/Hidden files visible/i[39m))[33m.[39m[34mtoBeTruthy[39m()[33m;[39m
    [90m218| [39m

[31m[2m⎯⎯⎯⎯⎯⎯⎯⎯⎯⎯⎯⎯⎯⎯⎯⎯⎯⎯⎯⎯⎯⎯⎯⎯[4/4]⎯[22m[39m


[2m Test Files [22m [1m[31m1 failed[39m[22m[90m (1)[39m
[2m      Tests [22m [1m[31m4 failed[39m[22m[90m (4)[39m
[2m   Start at [22m 13:14:15
[2m   Duration [22m 5.69s[2m (transform 760ms, setup 0ms, import 1.18s, tests 3.70s, environment 640ms)[22m

